00:00:14 **** Build of configuration Debug for project test2 ****
make -j4 all 
Building file: ../startup/startup_stm32.s
Building file: ../src/main.c
Building file: ../src/system_stm32f4xx.c
Building file: ../src/syscalls.c
Invoking: MCU GCC Assembler
Invoking: MCU GCC Compiler
Invoking: MCU GCC Compiler
Invoking: MCU GCC Compiler
C:\Poorna\OneDrive - University of Victoria\University\Clubs\AUVic\mono_repo\firmware\test2\Debug
C:\Poorna\OneDrive - University of Victoria\University\Clubs\AUVic\mono_repo\firmware\test2\Debug
arm-none-eabi-as -mcpu=cortex-m4 -mthumb -mfloat-abi=hard -mfpu=fpv4-sp-d16 -I"C:/Poorna/OneDrive - University of Victoria/University/Clubs/AUVic/mono_repo/firmware/test2/StdPeriph_Driver/inc" -I"C:/Poorna/OneDrive - University of Victoria/University/Clubs/AUVic/mono_repo/firmware/test2/inc" -I"C:/Poorna/OneDrive - University of Victoria/University/Clubs/AUVic/mono_repo/firmware/test2/CMSIS/device" -I"C:/Poorna/OneDrive - University of Victoria/University/Clubs/AUVic/mono_repo/firmware/test2/CMSIS/core" -g -o "startup/startup_stm32.o" "../startup/startup_stm32.s"
arm-none-eabi-gcc -mcpu=cortex-m4 -mthumb -mfloat-abi=hard -mfpu=fpv4-sp-d16 -DSTM32 -DSTM32F4 -DSTM32F411VETx -DSTM32F411E_DISCO -DDEBUG -DSTM32F411xE -DUSE_STDPERIPH_DRIVER -I"C:/Poorna/OneDrive - University of Victoria/University/Clubs/AUVic/mono_repo/firmware/test2/StdPeriph_Driver/inc" -I"C:/Poorna/OneDrive - University of Victoria/University/Clubs/AUVic/mono_repo/firmware/test2/inc" -I"C:/Poorna/OneDrive - University of Victoria/University/Clubs/AUVic/mono_repo/firmware/test2/CMSIS/device" -I"C:/Poorna/OneDrive - University of Victoria/University/Clubs/AUVic/mono_repo/firmware/test2/CMSIS/core" -O0 -g3 -Wall -fmessage-length=0 -ffunction-sections -c -MMD -MP -MF"src/main.d" -MT"src/main.o" -o "src/main.o" "../src/main.c"
C:\Poorna\OneDrive - University of Victoria\University\Clubs\AUVic\mono_repo\firmware\test2\Debug
C:\Poorna\OneDrive - University of Victoria\University\Clubs\AUVic\mono_repo\firmware\test2\Debug
arm-none-eabi-gcc -mcpu=cortex-m4 -mthumb -mfloat-abi=hard -mfpu=fpv4-sp-d16 -DSTM32 -DSTM32F4 -DSTM32F411VETx -DSTM32F411E_DISCO -DDEBUG -DSTM32F411xE -DUSE_STDPERIPH_DRIVER -I"C:/Poorna/OneDrive - University of Victoria/University/Clubs/AUVic/mono_repo/firmware/test2/StdPeriph_Driver/inc" -I"C:/Poorna/OneDrive - University of Victoria/University/Clubs/AUVic/mono_repo/firmware/test2/inc" -I"C:/Poorna/OneDrive - University of Victoria/University/Clubs/AUVic/mono_repo/firmware/test2/CMSIS/device" -I"C:/Poorna/OneDrive - University of Victoria/University/Clubs/AUVic/mono_repo/firmware/test2/CMSIS/core" -O0 -g3 -Wall -fmessage-length=0 -ffunction-sections -c -MMD -MP -MF"src/syscalls.d" -MT"src/syscalls.o" -o "src/syscalls.o" "../src/syscalls.c"
arm-none-eabi-gcc -mcpu=cortex-m4 -mthumb -mfloat-abi=hard -mfpu=fpv4-sp-d16 -DSTM32 -DSTM32F4 -DSTM32F411VETx -DSTM32F411E_DISCO -DDEBUG -DSTM32F411xE -DUSE_STDPERIPH_DRIVER -I"C:/Poorna/OneDrive - University of Victoria/University/Clubs/AUVic/mono_repo/firmware/test2/StdPeriph_Driver/inc" -I"C:/Poorna/OneDrive - University of Victoria/University/Clubs/AUVic/mono_repo/firmware/test2/inc" -I"C:/Poorna/OneDrive - University of Victoria/University/Clubs/AUVic/mono_repo/firmware/test2/CMSIS/device" -I"C:/Poorna/OneDrive - University of Victoria/University/Clubs/AUVic/mono_repo/firmware/test2/CMSIS/core" -O0 -g3 -Wall -fmessage-length=0 -ffunction-sections -c -MMD -MP -MF"src/system_stm32f4xx.d" -MT"src/system_stm32f4xx.o" -o "src/system_stm32f4xx.o" "../src/system_stm32f4xx.c"
../src/system_stm32f4xx.c: In function 'SetSysClock':
../src/system_stm32f4xx.c:870:3: warning: this 'while' clause does not guard... [-Wmisleading-indentation]
   while ((RCC->CFGR & (uint32_t)RCC_CFGR_SWS ) != RCC_CFGR_SWS_PLL);
   ^~~~~
../src/system_stm32f4xx.c:871:3: note: ...this statement, but the latter is misleadingly indented as if it were guarded by the 'while'
   {
   ^
Finished building: ../startup/startup_stm32.s
 
Finished building: ../src/syscalls.c
Building file: ../StdPeriph_Driver/src/misc.c
 
Invoking: MCU GCC Compiler
Finished building: ../src/main.c
Building file: ../StdPeriph_Driver/src/stm32f4xx_adc.c
C:\Poorna\OneDrive - University of Victoria\University\Clubs\AUVic\mono_repo\firmware\test2\Debug
 
arm-none-eabi-gcc -mcpu=cortex-m4 -mthumb -mfloat-abi=hard -mfpu=fpv4-sp-d16 -DSTM32 -DSTM32F4 -DSTM32F411VETx -DSTM32F411E_DISCO -DDEBUG -DSTM32F411xE -DUSE_STDPERIPH_DRIVER -I"C:/Poorna/OneDrive - University of Victoria/University/Clubs/AUVic/mono_repo/firmware/test2/StdPeriph_Driver/inc" -I"C:/Poorna/OneDrive - University of Victoria/University/Clubs/AUVic/mono_repo/firmware/test2/inc" -I"C:/Poorna/OneDrive - University of Victoria/University/Clubs/AUVic/mono_repo/firmware/test2/CMSIS/device" -I"C:/Poorna/OneDrive - University of Victoria/University/Clubs/AUVic/mono_repo/firmware/test2/CMSIS/core" -O0 -g3 -Wall -fmessage-length=0 -ffunction-sections -c -MMD -MP -MF"StdPeriph_Driver/src/misc.d" -MT"StdPeriph_Driver/src/misc.o" -o "StdPeriph_Driver/src/misc.o" "../StdPeriph_Driver/src/misc.c"
Finished building: ../src/system_stm32f4xx.c
Invoking: MCU GCC Compiler
Building file: ../StdPeriph_Driver/src/stm32f4xx_can.c
 
C:\Poorna\OneDrive - University of Victoria\University\Clubs\AUVic\mono_repo\firmware\test2\Debug
Invoking: MCU GCC Compiler
arm-none-eabi-gcc -mcpu=cortex-m4 -mthumb -mfloat-abi=hard -mfpu=fpv4-sp-d16 -DSTM32 -DSTM32F4 -DSTM32F411VETx -DSTM32F411E_DISCO -DDEBUG -DSTM32F411xE -DUSE_STDPERIPH_DRIVER -I"C:/Poorna/OneDrive - University of Victoria/University/Clubs/AUVic/mono_repo/firmware/test2/StdPeriph_Driver/inc" -I"C:/Poorna/OneDrive - University of Victoria/University/Clubs/AUVic/mono_repo/firmware/test2/inc" -I"C:/Poorna/OneDrive - University of Victoria/University/Clubs/AUVic/mono_repo/firmware/test2/CMSIS/device" -I"C:/Poorna/OneDrive - University of Victoria/University/Clubs/AUVic/mono_repo/firmware/test2/CMSIS/core" -O0 -g3 -Wall -fmessage-length=0 -ffunction-sections -c -MMD -MP -MF"StdPeriph_Driver/src/stm32f4xx_adc.d" -MT"StdPeriph_Driver/src/stm32f4xx_adc.o" -o "StdPeriph_Driver/src/stm32f4xx_adc.o" "../StdPeriph_Driver/src/stm32f4xx_adc.c"
Building file: ../StdPeriph_Driver/src/stm32f4xx_cec.c
C:\Poorna\OneDrive - University of Victoria\University\Clubs\AUVic\mono_repo\firmware\test2\Debug
Invoking: MCU GCC Compiler
arm-none-eabi-gcc -mcpu=cortex-m4 -mthumb -mfloat-abi=hard -mfpu=fpv4-sp-d16 -DSTM32 -DSTM32F4 -DSTM32F411VETx -DSTM32F411E_DISCO -DDEBUG -DSTM32F411xE -DUSE_STDPERIPH_DRIVER -I"C:/Poorna/OneDrive - University of Victoria/University/Clubs/AUVic/mono_repo/firmware/test2/StdPeriph_Driver/inc" -I"C:/Poorna/OneDrive - University of Victoria/University/Clubs/AUVic/mono_repo/firmware/test2/inc" -I"C:/Poorna/OneDrive - University of Victoria/University/Clubs/AUVic/mono_repo/firmware/test2/CMSIS/device" -I"C:/Poorna/OneDrive - University of Victoria/University/Clubs/AUVic/mono_repo/firmware/test2/CMSIS/core" -O0 -g3 -Wall -fmessage-length=0 -ffunction-sections -c -MMD -MP -MF"StdPeriph_Driver/src/stm32f4xx_can.d" -MT"StdPeriph_Driver/src/stm32f4xx_can.o" -o "StdPeriph_Driver/src/stm32f4xx_can.o" "../StdPeriph_Driver/src/stm32f4xx_can.c"
C:\Poorna\OneDrive - University of Victoria\University\Clubs\AUVic\mono_repo\firmware\test2\Debug
arm-none-eabi-gcc -mcpu=cortex-m4 -mthumb -mfloat-abi=hard -mfpu=fpv4-sp-d16 -DSTM32 -DSTM32F4 -DSTM32F411VETx -DSTM32F411E_DISCO -DDEBUG -DSTM32F411xE -DUSE_STDPERIPH_DRIVER -I"C:/Poorna/OneDrive - University of Victoria/University/Clubs/AUVic/mono_repo/firmware/test2/StdPeriph_Driver/inc" -I"C:/Poorna/OneDrive - University of Victoria/University/Clubs/AUVic/mono_repo/firmware/test2/inc" -I"C:/Poorna/OneDrive - University of Victoria/University/Clubs/AUVic/mono_repo/firmware/test2/CMSIS/device" -I"C:/Poorna/OneDrive - University of Victoria/University/Clubs/AUVic/mono_repo/firmware/test2/CMSIS/core" -O0 -g3 -Wall -fmessage-length=0 -ffunction-sections -c -MMD -MP -MF"StdPeriph_Driver/src/stm32f4xx_cec.d" -MT"StdPeriph_Driver/src/stm32f4xx_cec.o" -o "StdPeriph_Driver/src/stm32f4xx_cec.o" "../StdPeriph_Driver/src/stm32f4xx_cec.c"
Finished building: ../StdPeriph_Driver/src/misc.c
 
Building file: ../StdPeriph_Driver/src/stm32f4xx_crc.c
Finished building: ../StdPeriph_Driver/src/stm32f4xx_cec.c
Finished building: ../StdPeriph_Driver/src/stm32f4xx_adc.c
Invoking: MCU GCC Compiler
 
 
C:\Poorna\OneDrive - University of Victoria\University\Clubs\AUVic\mono_repo\firmware\test2\Debug
Finished building: ../StdPeriph_Driver/src/stm32f4xx_can.c
arm-none-eabi-gcc -mcpu=cortex-m4 -mthumb -mfloat-abi=hard -mfpu=fpv4-sp-d16 -DSTM32 -DSTM32F4 -DSTM32F411VETx -DSTM32F411E_DISCO -DDEBUG -DSTM32F411xE -DUSE_STDPERIPH_DRIVER -I"C:/Poorna/OneDrive - University of Victoria/University/Clubs/AUVic/mono_repo/firmware/test2/StdPeriph_Driver/inc" -I"C:/Poorna/OneDrive - University of Victoria/University/Clubs/AUVic/mono_repo/firmware/test2/inc" -I"C:/Poorna/OneDrive - University of Victoria/University/Clubs/AUVic/mono_repo/firmware/test2/CMSIS/device" -I"C:/Poorna/OneDrive - University of Victoria/University/Clubs/AUVic/mono_repo/firmware/test2/CMSIS/core" -O0 -g3 -Wall -fmessage-length=0 -ffunction-sections -c -MMD -MP -MF"StdPeriph_Driver/src/stm32f4xx_crc.d" -MT"StdPeriph_Driver/src/stm32f4xx_crc.o" -o "StdPeriph_Driver/src/stm32f4xx_crc.o" "../StdPeriph_Driver/src/stm32f4xx_crc.c"
Building file: ../StdPeriph_Driver/src/stm32f4xx_cryp.c
Building file: ../StdPeriph_Driver/src/stm32f4xx_cryp_aes.c
 
Invoking: MCU GCC Compiler
Invoking: MCU GCC Compiler
Building file: ../StdPeriph_Driver/src/stm32f4xx_cryp_des.c
C:\Poorna\OneDrive - University of Victoria\University\Clubs\AUVic\mono_repo\firmware\test2\Debug
C:\Poorna\OneDrive - University of Victoria\University\Clubs\AUVic\mono_repo\firmware\test2\Debug
arm-none-eabi-gcc -mcpu=cortex-m4 -mthumb -mfloat-abi=hard -mfpu=fpv4-sp-d16 -DSTM32 -DSTM32F4 -DSTM32F411VETx -DSTM32F411E_DISCO -DDEBUG -DSTM32F411xE -DUSE_STDPERIPH_DRIVER -I"C:/Poorna/OneDrive - University of Victoria/University/Clubs/AUVic/mono_repo/firmware/test2/StdPeriph_Driver/inc" -I"C:/Poorna/OneDrive - University of Victoria/University/Clubs/AUVic/mono_repo/firmware/test2/inc" -I"C:/Poorna/OneDrive - University of Victoria/University/Clubs/AUVic/mono_repo/firmware/test2/CMSIS/device" -I"C:/Poorna/OneDrive - University of Victoria/University/Clubs/AUVic/mono_repo/firmware/test2/CMSIS/core" -O0 -g3 -Wall -fmessage-length=0 -ffunction-sections -c -MMD -MP -MF"StdPeriph_Driver/src/stm32f4xx_cryp.d" -MT"StdPeriph_Driver/src/stm32f4xx_cryp.o" -o "StdPeriph_Driver/src/stm32f4xx_cryp.o" "../StdPeriph_Driver/src/stm32f4xx_cryp.c"
arm-none-eabi-gcc -mcpu=cortex-m4 -mthumb -mfloat-abi=hard -mfpu=fpv4-sp-d16 -DSTM32 -DSTM32F4 -DSTM32F411VETx -DSTM32F411E_DISCO -DDEBUG -DSTM32F411xE -DUSE_STDPERIPH_DRIVER -I"C:/Poorna/OneDrive - University of Victoria/University/Clubs/AUVic/mono_repo/firmware/test2/StdPeriph_Driver/inc" -I"C:/Poorna/OneDrive - University of Victoria/University/Clubs/AUVic/mono_repo/firmware/test2/inc" -I"C:/Poorna/OneDrive - University of Victoria/University/Clubs/AUVic/mono_repo/firmware/test2/CMSIS/device" -I"C:/Poorna/OneDrive - University of Victoria/University/Clubs/AUVic/mono_repo/firmware/test2/CMSIS/core" -O0 -g3 -Wall -fmessage-length=0 -ffunction-sections -c -MMD -MP -MF"StdPeriph_Driver/src/stm32f4xx_cryp_aes.d" -MT"StdPeriph_Driver/src/stm32f4xx_cryp_aes.o" -o "StdPeriph_Driver/src/stm32f4xx_cryp_aes.o" "../StdPeriph_Driver/src/stm32f4xx_cryp_aes.c"
Invoking: MCU GCC Compiler
C:\Poorna\OneDrive - University of Victoria\University\Clubs\AUVic\mono_repo\firmware\test2\Debug
arm-none-eabi-gcc -mcpu=cortex-m4 -mthumb -mfloat-abi=hard -mfpu=fpv4-sp-d16 -DSTM32 -DSTM32F4 -DSTM32F411VETx -DSTM32F411E_DISCO -DDEBUG -DSTM32F411xE -DUSE_STDPERIPH_DRIVER -I"C:/Poorna/OneDrive - University of Victoria/University/Clubs/AUVic/mono_repo/firmware/test2/StdPeriph_Driver/inc" -I"C:/Poorna/OneDrive - University of Victoria/University/Clubs/AUVic/mono_repo/firmware/test2/inc" -I"C:/Poorna/OneDrive - University of Victoria/University/Clubs/AUVic/mono_repo/firmware/test2/CMSIS/device" -I"C:/Poorna/OneDrive - University of Victoria/University/Clubs/AUVic/mono_repo/firmware/test2/CMSIS/core" -O0 -g3 -Wall -fmessage-length=0 -ffunction-sections -c -MMD -MP -MF"StdPeriph_Driver/src/stm32f4xx_cryp_des.d" -MT"StdPeriph_Driver/src/stm32f4xx_cryp_des.o" -o "StdPeriph_Driver/src/stm32f4xx_cryp_des.o" "../StdPeriph_Driver/src/stm32f4xx_cryp_des.c"
Finished building: ../StdPeriph_Driver/src/stm32f4xx_crc.c
 
Finished building: ../StdPeriph_Driver/src/stm32f4xx_cryp.c
Building file: ../StdPeriph_Driver/src/stm32f4xx_cryp_tdes.c
 
Invoking: MCU GCC Compiler
Finished building: ../StdPeriph_Driver/src/stm32f4xx_cryp_des.c
Finished building: ../StdPeriph_Driver/src/stm32f4xx_cryp_aes.c
C:\Poorna\OneDrive - University of Victoria\University\Clubs\AUVic\mono_repo\firmware\test2\Debug
Building file: ../StdPeriph_Driver/src/stm32f4xx_dac.c
 
arm-none-eabi-gcc -mcpu=cortex-m4 -mthumb -mfloat-abi=hard -mfpu=fpv4-sp-d16 -DSTM32 -DSTM32F4 -DSTM32F411VETx -DSTM32F411E_DISCO -DDEBUG -DSTM32F411xE -DUSE_STDPERIPH_DRIVER -I"C:/Poorna/OneDrive - University of Victoria/University/Clubs/AUVic/mono_repo/firmware/test2/StdPeriph_Driver/inc" -I"C:/Poorna/OneDrive - University of Victoria/University/Clubs/AUVic/mono_repo/firmware/test2/inc" -I"C:/Poorna/OneDrive - University of Victoria/University/Clubs/AUVic/mono_repo/firmware/test2/CMSIS/device" -I"C:/Poorna/OneDrive - University of Victoria/University/Clubs/AUVic/mono_repo/firmware/test2/CMSIS/core" -O0 -g3 -Wall -fmessage-length=0 -ffunction-sections -c -MMD -MP -MF"StdPeriph_Driver/src/stm32f4xx_cryp_tdes.d" -MT"StdPeriph_Driver/src/stm32f4xx_cryp_tdes.o" -o "StdPeriph_Driver/src/stm32f4xx_cryp_tdes.o" "../StdPeriph_Driver/src/stm32f4xx_cryp_tdes.c"
 
Invoking: MCU GCC Compiler
Building file: ../StdPeriph_Driver/src/stm32f4xx_dbgmcu.c
Building file: ../StdPeriph_Driver/src/stm32f4xx_dcmi.c
C:\Poorna\OneDrive - University of Victoria\University\Clubs\AUVic\mono_repo\firmware\test2\Debug
Invoking: MCU GCC Compiler
arm-none-eabi-gcc -mcpu=cortex-m4 -mthumb -mfloat-abi=hard -mfpu=fpv4-sp-d16 -DSTM32 -DSTM32F4 -DSTM32F411VETx -DSTM32F411E_DISCO -DDEBUG -DSTM32F411xE -DUSE_STDPERIPH_DRIVER -I"C:/Poorna/OneDrive - University of Victoria/University/Clubs/AUVic/mono_repo/firmware/test2/StdPeriph_Driver/inc" -I"C:/Poorna/OneDrive - University of Victoria/University/Clubs/AUVic/mono_repo/firmware/test2/inc" -I"C:/Poorna/OneDrive - University of Victoria/University/Clubs/AUVic/mono_repo/firmware/test2/CMSIS/device" -I"C:/Poorna/OneDrive - University of Victoria/University/Clubs/AUVic/mono_repo/firmware/test2/CMSIS/core" -O0 -g3 -Wall -fmessage-length=0 -ffunction-sections -c -MMD -MP -MF"StdPeriph_Driver/src/stm32f4xx_dac.d" -MT"StdPeriph_Driver/src/stm32f4xx_dac.o" -o "StdPeriph_Driver/src/stm32f4xx_dac.o" "../StdPeriph_Driver/src/stm32f4xx_dac.c"
Invoking: MCU GCC Compiler
C:\Poorna\OneDrive - University of Victoria\University\Clubs\AUVic\mono_repo\firmware\test2\Debug
arm-none-eabi-gcc -mcpu=cortex-m4 -mthumb -mfloat-abi=hard -mfpu=fpv4-sp-d16 -DSTM32 -DSTM32F4 -DSTM32F411VETx -DSTM32F411E_DISCO -DDEBUG -DSTM32F411xE -DUSE_STDPERIPH_DRIVER -I"C:/Poorna/OneDrive - University of Victoria/University/Clubs/AUVic/mono_repo/firmware/test2/StdPeriph_Driver/inc" -I"C:/Poorna/OneDrive - University of Victoria/University/Clubs/AUVic/mono_repo/firmware/test2/inc" -I"C:/Poorna/OneDrive - University of Victoria/University/Clubs/AUVic/mono_repo/firmware/test2/CMSIS/device" -I"C:/Poorna/OneDrive - University of Victoria/University/Clubs/AUVic/mono_repo/firmware/test2/CMSIS/core" -O0 -g3 -Wall -fmessage-length=0 -ffunction-sections -c -MMD -MP -MF"StdPeriph_Driver/src/stm32f4xx_dbgmcu.d" -MT"StdPeriph_Driver/src/stm32f4xx_dbgmcu.o" -o "StdPeriph_Driver/src/stm32f4xx_dbgmcu.o" "../StdPeriph_Driver/src/stm32f4xx_dbgmcu.c"
C:\Poorna\OneDrive - University of Victoria\University\Clubs\AUVic\mono_repo\firmware\test2\Debug
arm-none-eabi-gcc -mcpu=cortex-m4 -mthumb -mfloat-abi=hard -mfpu=fpv4-sp-d16 -DSTM32 -DSTM32F4 -DSTM32F411VETx -DSTM32F411E_DISCO -DDEBUG -DSTM32F411xE -DUSE_STDPERIPH_DRIVER -I"C:/Poorna/OneDrive - University of Victoria/University/Clubs/AUVic/mono_repo/firmware/test2/StdPeriph_Driver/inc" -I"C:/Poorna/OneDrive - University of Victoria/University/Clubs/AUVic/mono_repo/firmware/test2/inc" -I"C:/Poorna/OneDrive - University of Victoria/University/Clubs/AUVic/mono_repo/firmware/test2/CMSIS/device" -I"C:/Poorna/OneDrive - University of Victoria/University/Clubs/AUVic/mono_repo/firmware/test2/CMSIS/core" -O0 -g3 -Wall -fmessage-length=0 -ffunction-sections -c -MMD -MP -MF"StdPeriph_Driver/src/stm32f4xx_dcmi.d" -MT"StdPeriph_Driver/src/stm32f4xx_dcmi.o" -o "StdPeriph_Driver/src/stm32f4xx_dcmi.o" "../StdPeriph_Driver/src/stm32f4xx_dcmi.c"
Finished building: ../StdPeriph_Driver/src/stm32f4xx_dbgmcu.c
Finished building: ../StdPeriph_Driver/src/stm32f4xx_cryp_tdes.c
Finished building: ../StdPeriph_Driver/src/stm32f4xx_dac.c
 
 
 
Building file: ../StdPeriph_Driver/src/stm32f4xx_dfsdm.c
Building file: ../StdPeriph_Driver/src/stm32f4xx_dma.c
Building file: ../StdPeriph_Driver/src/stm32f4xx_dma2d.c
Invoking: MCU GCC Compiler
Invoking: MCU GCC Compiler
Finished building: ../StdPeriph_Driver/src/stm32f4xx_dcmi.c
Invoking: MCU GCC Compiler
C:\Poorna\OneDrive - University of Victoria\University\Clubs\AUVic\mono_repo\firmware\test2\Debug
C:\Poorna\OneDrive - University of Victoria\University\Clubs\AUVic\mono_repo\firmware\test2\Debug
arm-none-eabi-gcc -mcpu=cortex-m4 -mthumb -mfloat-abi=hard -mfpu=fpv4-sp-d16 -DSTM32 -DSTM32F4 -DSTM32F411VETx -DSTM32F411E_DISCO -DDEBUG -DSTM32F411xE -DUSE_STDPERIPH_DRIVER -I"C:/Poorna/OneDrive - University of Victoria/University/Clubs/AUVic/mono_repo/firmware/test2/StdPeriph_Driver/inc" -I"C:/Poorna/OneDrive - University of Victoria/University/Clubs/AUVic/mono_repo/firmware/test2/inc" -I"C:/Poorna/OneDrive - University of Victoria/University/Clubs/AUVic/mono_repo/firmware/test2/CMSIS/device" -I"C:/Poorna/OneDrive - University of Victoria/University/Clubs/AUVic/mono_repo/firmware/test2/CMSIS/core" -O0 -g3 -Wall -fmessage-length=0 -ffunction-sections -c -MMD -MP -MF"StdPeriph_Driver/src/stm32f4xx_dfsdm.d" -MT"StdPeriph_Driver/src/stm32f4xx_dfsdm.o" -o "StdPeriph_Driver/src/stm32f4xx_dfsdm.o" "../StdPeriph_Driver/src/stm32f4xx_dfsdm.c"
 
arm-none-eabi-gcc -mcpu=cortex-m4 -mthumb -mfloat-abi=hard -mfpu=fpv4-sp-d16 -DSTM32 -DSTM32F4 -DSTM32F411VETx -DSTM32F411E_DISCO -DDEBUG -DSTM32F411xE -DUSE_STDPERIPH_DRIVER -I"C:/Poorna/OneDrive - University of Victoria/University/Clubs/AUVic/mono_repo/firmware/test2/StdPeriph_Driver/inc" -I"C:/Poorna/OneDrive - University of Victoria/University/Clubs/AUVic/mono_repo/firmware/test2/inc" -I"C:/Poorna/OneDrive - University of Victoria/University/Clubs/AUVic/mono_repo/firmware/test2/CMSIS/device" -I"C:/Poorna/OneDrive - University of Victoria/University/Clubs/AUVic/mono_repo/firmware/test2/CMSIS/core" -O0 -g3 -Wall -fmessage-length=0 -ffunction-sections -c -MMD -MP -MF"StdPeriph_Driver/src/stm32f4xx_dma.d" -MT"StdPeriph_Driver/src/stm32f4xx_dma.o" -o "StdPeriph_Driver/src/stm32f4xx_dma.o" "../StdPeriph_Driver/src/stm32f4xx_dma.c"
C:\Poorna\OneDrive - University of Victoria\University\Clubs\AUVic\mono_repo\firmware\test2\Debug
arm-none-eabi-gcc -mcpu=cortex-m4 -mthumb -mfloat-abi=hard -mfpu=fpv4-sp-d16 -DSTM32 -DSTM32F4 -DSTM32F411VETx -DSTM32F411E_DISCO -DDEBUG -DSTM32F411xE -DUSE_STDPERIPH_DRIVER -I"C:/Poorna/OneDrive - University of Victoria/University/Clubs/AUVic/mono_repo/firmware/test2/StdPeriph_Driver/inc" -I"C:/Poorna/OneDrive - University of Victoria/University/Clubs/AUVic/mono_repo/firmware/test2/inc" -I"C:/Poorna/OneDrive - University of Victoria/University/Clubs/AUVic/mono_repo/firmware/test2/CMSIS/device" -I"C:/Poorna/OneDrive - University of Victoria/University/Clubs/AUVic/mono_repo/firmware/test2/CMSIS/core" -O0 -g3 -Wall -fmessage-length=0 -ffunction-sections -c -MMD -MP -MF"StdPeriph_Driver/src/stm32f4xx_dma2d.d" -MT"StdPeriph_Driver/src/stm32f4xx_dma2d.o" -o "StdPeriph_Driver/src/stm32f4xx_dma2d.o" "../StdPeriph_Driver/src/stm32f4xx_dma2d.c"
Building file: ../StdPeriph_Driver/src/stm32f4xx_dsi.c
Invoking: MCU GCC Compiler
C:\Poorna\OneDrive - University of Victoria\University\Clubs\AUVic\mono_repo\firmware\test2\Debug
arm-none-eabi-gcc -mcpu=cortex-m4 -mthumb -mfloat-abi=hard -mfpu=fpv4-sp-d16 -DSTM32 -DSTM32F4 -DSTM32F411VETx -DSTM32F411E_DISCO -DDEBUG -DSTM32F411xE -DUSE_STDPERIPH_DRIVER -I"C:/Poorna/OneDrive - University of Victoria/University/Clubs/AUVic/mono_repo/firmware/test2/StdPeriph_Driver/inc" -I"C:/Poorna/OneDrive - University of Victoria/University/Clubs/AUVic/mono_repo/firmware/test2/inc" -I"C:/Poorna/OneDrive - University of Victoria/University/Clubs/AUVic/mono_repo/firmware/test2/CMSIS/device" -I"C:/Poorna/OneDrive - University of Victoria/University/Clubs/AUVic/mono_repo/firmware/test2/CMSIS/core" -O0 -g3 -Wall -fmessage-length=0 -ffunction-sections -c -MMD -MP -MF"StdPeriph_Driver/src/stm32f4xx_dsi.d" -MT"StdPeriph_Driver/src/stm32f4xx_dsi.o" -o "StdPeriph_Driver/src/stm32f4xx_dsi.o" "../StdPeriph_Driver/src/stm32f4xx_dsi.c"
Finished building: ../StdPeriph_Driver/src/stm32f4xx_dfsdm.c
 
Finished building: ../StdPeriph_Driver/src/stm32f4xx_dma.c
Building file: ../StdPeriph_Driver/src/stm32f4xx_exti.c
Finished building: ../StdPeriph_Driver/src/stm32f4xx_dma2d.c
 
Invoking: MCU GCC Compiler
 
Finished building: ../StdPeriph_Driver/src/stm32f4xx_dsi.c
C:\Poorna\OneDrive - University of Victoria\University\Clubs\AUVic\mono_repo\firmware\test2\Debug
Building file: ../StdPeriph_Driver/src/stm32f4xx_flash.c
arm-none-eabi-gcc -mcpu=cortex-m4 -mthumb -mfloat-abi=hard -mfpu=fpv4-sp-d16 -DSTM32 -DSTM32F4 -DSTM32F411VETx -DSTM32F411E_DISCO -DDEBUG -DSTM32F411xE -DUSE_STDPERIPH_DRIVER -I"C:/Poorna/OneDrive - University of Victoria/University/Clubs/AUVic/mono_repo/firmware/test2/StdPeriph_Driver/inc" -I"C:/Poorna/OneDrive - University of Victoria/University/Clubs/AUVic/mono_repo/firmware/test2/inc" -I"C:/Poorna/OneDrive - University of Victoria/University/Clubs/AUVic/mono_repo/firmware/test2/CMSIS/device" -I"C:/Poorna/OneDrive - University of Victoria/University/Clubs/AUVic/mono_repo/firmware/test2/CMSIS/core" -O0 -g3 -Wall -fmessage-length=0 -ffunction-sections -c -MMD -MP -MF"StdPeriph_Driver/src/stm32f4xx_exti.d" -MT"StdPeriph_Driver/src/stm32f4xx_exti.o" -o "StdPeriph_Driver/src/stm32f4xx_exti.o" "../StdPeriph_Driver/src/stm32f4xx_exti.c"
Building file: ../StdPeriph_Driver/src/stm32f4xx_flash_ramfunc.c
 
Invoking: MCU GCC Compiler
Invoking: MCU GCC Compiler
Building file: ../StdPeriph_Driver/src/stm32f4xx_fmc.c
C:\Poorna\OneDrive - University of Victoria\University\Clubs\AUVic\mono_repo\firmware\test2\Debug
C:\Poorna\OneDrive - University of Victoria\University\Clubs\AUVic\mono_repo\firmware\test2\Debug
arm-none-eabi-gcc -mcpu=cortex-m4 -mthumb -mfloat-abi=hard -mfpu=fpv4-sp-d16 -DSTM32 -DSTM32F4 -DSTM32F411VETx -DSTM32F411E_DISCO -DDEBUG -DSTM32F411xE -DUSE_STDPERIPH_DRIVER -I"C:/Poorna/OneDrive - University of Victoria/University/Clubs/AUVic/mono_repo/firmware/test2/StdPeriph_Driver/inc" -I"C:/Poorna/OneDrive - University of Victoria/University/Clubs/AUVic/mono_repo/firmware/test2/inc" -I"C:/Poorna/OneDrive - University of Victoria/University/Clubs/AUVic/mono_repo/firmware/test2/CMSIS/device" -I"C:/Poorna/OneDrive - University of Victoria/University/Clubs/AUVic/mono_repo/firmware/test2/CMSIS/core" -O0 -g3 -Wall -fmessage-length=0 -ffunction-sections -c -MMD -MP -MF"StdPeriph_Driver/src/stm32f4xx_flash.d" -MT"StdPeriph_Driver/src/stm32f4xx_flash.o" -o "StdPeriph_Driver/src/stm32f4xx_flash.o" "../StdPeriph_Driver/src/stm32f4xx_flash.c"
arm-none-eabi-gcc -mcpu=cortex-m4 -mthumb -mfloat-abi=hard -mfpu=fpv4-sp-d16 -DSTM32 -DSTM32F4 -DSTM32F411VETx -DSTM32F411E_DISCO -DDEBUG -DSTM32F411xE -DUSE_STDPERIPH_DRIVER -I"C:/Poorna/OneDrive - University of Victoria/University/Clubs/AUVic/mono_repo/firmware/test2/StdPeriph_Driver/inc" -I"C:/Poorna/OneDrive - University of Victoria/University/Clubs/AUVic/mono_repo/firmware/test2/inc" -I"C:/Poorna/OneDrive - University of Victoria/University/Clubs/AUVic/mono_repo/firmware/test2/CMSIS/device" -I"C:/Poorna/OneDrive - University of Victoria/University/Clubs/AUVic/mono_repo/firmware/test2/CMSIS/core" -O0 -g3 -Wall -fmessage-length=0 -ffunction-sections -c -MMD -MP -MF"StdPeriph_Driver/src/stm32f4xx_flash_ramfunc.d" -MT"StdPeriph_Driver/src/stm32f4xx_flash_ramfunc.o" -o "StdPeriph_Driver/src/stm32f4xx_flash_ramfunc.o" "../StdPeriph_Driver/src/stm32f4xx_flash_ramfunc.c"
Invoking: MCU GCC Compiler
C:\Poorna\OneDrive - University of Victoria\University\Clubs\AUVic\mono_repo\firmware\test2\Debug
arm-none-eabi-gcc -mcpu=cortex-m4 -mthumb -mfloat-abi=hard -mfpu=fpv4-sp-d16 -DSTM32 -DSTM32F4 -DSTM32F411VETx -DSTM32F411E_DISCO -DDEBUG -DSTM32F411xE -DUSE_STDPERIPH_DRIVER -I"C:/Poorna/OneDrive - University of Victoria/University/Clubs/AUVic/mono_repo/firmware/test2/StdPeriph_Driver/inc" -I"C:/Poorna/OneDrive - University of Victoria/University/Clubs/AUVic/mono_repo/firmware/test2/inc" -I"C:/Poorna/OneDrive - University of Victoria/University/Clubs/AUVic/mono_repo/firmware/test2/CMSIS/device" -I"C:/Poorna/OneDrive - University of Victoria/University/Clubs/AUVic/mono_repo/firmware/test2/CMSIS/core" -O0 -g3 -Wall -fmessage-length=0 -ffunction-sections -c -MMD -MP -MF"StdPeriph_Driver/src/stm32f4xx_fmc.d" -MT"StdPeriph_Driver/src/stm32f4xx_fmc.o" -o "StdPeriph_Driver/src/stm32f4xx_fmc.o" "../StdPeriph_Driver/src/stm32f4xx_fmc.c"
Finished building: ../StdPeriph_Driver/src/stm32f4xx_exti.c
 
Finished building: ../StdPeriph_Driver/src/stm32f4xx_flash_ramfunc.c
Finished building: ../StdPeriph_Driver/src/stm32f4xx_flash.c
 
Building file: ../StdPeriph_Driver/src/stm32f4xx_fmip2c.c
Finished building: ../StdPeriph_Driver/src/stm32f4xx_fmc.c
 
Building file: ../StdPeriph_Driver/src/stm32f4xx_fsmc.c
 
Invoking: MCU GCC Compiler
Building file: ../StdPeriph_Driver/src/stm32f4xx_gpio.c
Invoking: MCU GCC Compiler
C:\Poorna\OneDrive - University of Victoria\University\Clubs\AUVic\mono_repo\firmware\test2\Debug
Building file: ../StdPeriph_Driver/src/stm32f4xx_hash.c
arm-none-eabi-gcc -mcpu=cortex-m4 -mthumb -mfloat-abi=hard -mfpu=fpv4-sp-d16 -DSTM32 -DSTM32F4 -DSTM32F411VETx -DSTM32F411E_DISCO -DDEBUG -DSTM32F411xE -DUSE_STDPERIPH_DRIVER -I"C:/Poorna/OneDrive - University of Victoria/University/Clubs/AUVic/mono_repo/firmware/test2/StdPeriph_Driver/inc" -I"C:/Poorna/OneDrive - University of Victoria/University/Clubs/AUVic/mono_repo/firmware/test2/inc" -I"C:/Poorna/OneDrive - University of Victoria/University/Clubs/AUVic/mono_repo/firmware/test2/CMSIS/device" -I"C:/Poorna/OneDrive - University of Victoria/University/Clubs/AUVic/mono_repo/firmware/test2/CMSIS/core" -O0 -g3 -Wall -fmessage-length=0 -ffunction-sections -c -MMD -MP -MF"StdPeriph_Driver/src/stm32f4xx_fmip2c.d" -MT"StdPeriph_Driver/src/stm32f4xx_fmip2c.o" -o "StdPeriph_Driver/src/stm32f4xx_fmip2c.o" "../StdPeriph_Driver/src/stm32f4xx_fmip2c.c"
Invoking: MCU GCC Compiler
C:\Poorna\OneDrive - University of Victoria\University\Clubs\AUVic\mono_repo\firmware\test2\Debug
arm-none-eabi-gcc -mcpu=cortex-m4 -mthumb -mfloat-abi=hard -mfpu=fpv4-sp-d16 -DSTM32 -DSTM32F4 -DSTM32F411VETx -DSTM32F411E_DISCO -DDEBUG -DSTM32F411xE -DUSE_STDPERIPH_DRIVER -I"C:/Poorna/OneDrive - University of Victoria/University/Clubs/AUVic/mono_repo/firmware/test2/StdPeriph_Driver/inc" -I"C:/Poorna/OneDrive - University of Victoria/University/Clubs/AUVic/mono_repo/firmware/test2/inc" -I"C:/Poorna/OneDrive - University of Victoria/University/Clubs/AUVic/mono_repo/firmware/test2/CMSIS/device" -I"C:/Poorna/OneDrive - University of Victoria/University/Clubs/AUVic/mono_repo/firmware/test2/CMSIS/core" -O0 -g3 -Wall -fmessage-length=0 -ffunction-sections -c -MMD -MP -MF"StdPeriph_Driver/src/stm32f4xx_fsmc.d" -MT"StdPeriph_Driver/src/stm32f4xx_fsmc.o" -o "StdPeriph_Driver/src/stm32f4xx_fsmc.o" "../StdPeriph_Driver/src/stm32f4xx_fsmc.c"
Invoking: MCU GCC Compiler
C:\Poorna\OneDrive - University of Victoria\University\Clubs\AUVic\mono_repo\firmware\test2\Debug
arm-none-eabi-gcc -mcpu=cortex-m4 -mthumb -mfloat-abi=hard -mfpu=fpv4-sp-d16 -DSTM32 -DSTM32F4 -DSTM32F411VETx -DSTM32F411E_DISCO -DDEBUG -DSTM32F411xE -DUSE_STDPERIPH_DRIVER -I"C:/Poorna/OneDrive - University of Victoria/University/Clubs/AUVic/mono_repo/firmware/test2/StdPeriph_Driver/inc" -I"C:/Poorna/OneDrive - University of Victoria/University/Clubs/AUVic/mono_repo/firmware/test2/inc" -I"C:/Poorna/OneDrive - University of Victoria/University/Clubs/AUVic/mono_repo/firmware/test2/CMSIS/device" -I"C:/Poorna/OneDrive - University of Victoria/University/Clubs/AUVic/mono_repo/firmware/test2/CMSIS/core" -O0 -g3 -Wall -fmessage-length=0 -ffunction-sections -c -MMD -MP -MF"StdPeriph_Driver/src/stm32f4xx_gpio.d" -MT"StdPeriph_Driver/src/stm32f4xx_gpio.o" -o "StdPeriph_Driver/src/stm32f4xx_gpio.o" "../StdPeriph_Driver/src/stm32f4xx_gpio.c"
C:\Poorna\OneDrive - University of Victoria\University\Clubs\AUVic\mono_repo\firmware\test2\Debug
arm-none-eabi-gcc -mcpu=cortex-m4 -mthumb -mfloat-abi=hard -mfpu=fpv4-sp-d16 -DSTM32 -DSTM32F4 -DSTM32F411VETx -DSTM32F411E_DISCO -DDEBUG -DSTM32F411xE -DUSE_STDPERIPH_DRIVER -I"C:/Poorna/OneDrive - University of Victoria/University/Clubs/AUVic/mono_repo/firmware/test2/StdPeriph_Driver/inc" -I"C:/Poorna/OneDrive - University of Victoria/University/Clubs/AUVic/mono_repo/firmware/test2/inc" -I"C:/Poorna/OneDrive - University of Victoria/University/Clubs/AUVic/mono_repo/firmware/test2/CMSIS/device" -I"C:/Poorna/OneDrive - University of Victoria/University/Clubs/AUVic/mono_repo/firmware/test2/CMSIS/core" -O0 -g3 -Wall -fmessage-length=0 -ffunction-sections -c -MMD -MP -MF"StdPeriph_Driver/src/stm32f4xx_hash.d" -MT"StdPeriph_Driver/src/stm32f4xx_hash.o" -o "StdPeriph_Driver/src/stm32f4xx_hash.o" "../StdPeriph_Driver/src/stm32f4xx_hash.c"
Finished building: ../StdPeriph_Driver/src/stm32f4xx_fsmc.c
Finished building: ../StdPeriph_Driver/src/stm32f4xx_fmip2c.c
 
 
Finished building: ../StdPeriph_Driver/src/stm32f4xx_gpio.c
Finished building: ../StdPeriph_Driver/src/stm32f4xx_hash.c
Building file: ../StdPeriph_Driver/src/stm32f4xx_hash_md5.c
Building file: ../StdPeriph_Driver/src/stm32f4xx_hash_sha1.c
 
 
Invoking: MCU GCC Compiler
Invoking: MCU GCC Compiler
Building file: ../StdPeriph_Driver/src/stm32f4xx_i2c.c
Building file: ../StdPeriph_Driver/src/stm32f4xx_iwdg.c
C:\Poorna\OneDrive - University of Victoria\University\Clubs\AUVic\mono_repo\firmware\test2\Debug
C:\Poorna\OneDrive - University of Victoria\University\Clubs\AUVic\mono_repo\firmware\test2\Debug
arm-none-eabi-gcc -mcpu=cortex-m4 -mthumb -mfloat-abi=hard -mfpu=fpv4-sp-d16 -DSTM32 -DSTM32F4 -DSTM32F411VETx -DSTM32F411E_DISCO -DDEBUG -DSTM32F411xE -DUSE_STDPERIPH_DRIVER -I"C:/Poorna/OneDrive - University of Victoria/University/Clubs/AUVic/mono_repo/firmware/test2/StdPeriph_Driver/inc" -I"C:/Poorna/OneDrive - University of Victoria/University/Clubs/AUVic/mono_repo/firmware/test2/inc" -I"C:/Poorna/OneDrive - University of Victoria/University/Clubs/AUVic/mono_repo/firmware/test2/CMSIS/device" -I"C:/Poorna/OneDrive - University of Victoria/University/Clubs/AUVic/mono_repo/firmware/test2/CMSIS/core" -O0 -g3 -Wall -fmessage-length=0 -ffunction-sections -c -MMD -MP -MF"StdPeriph_Driver/src/stm32f4xx_hash_md5.d" -MT"StdPeriph_Driver/src/stm32f4xx_hash_md5.o" -o "StdPeriph_Driver/src/stm32f4xx_hash_md5.o" "../StdPeriph_Driver/src/stm32f4xx_hash_md5.c"
arm-none-eabi-gcc -mcpu=cortex-m4 -mthumb -mfloat-abi=hard -mfpu=fpv4-sp-d16 -DSTM32 -DSTM32F4 -DSTM32F411VETx -DSTM32F411E_DISCO -DDEBUG -DSTM32F411xE -DUSE_STDPERIPH_DRIVER -I"C:/Poorna/OneDrive - University of Victoria/University/Clubs/AUVic/mono_repo/firmware/test2/StdPeriph_Driver/inc" -I"C:/Poorna/OneDrive - University of Victoria/University/Clubs/AUVic/mono_repo/firmware/test2/inc" -I"C:/Poorna/OneDrive - University of Victoria/University/Clubs/AUVic/mono_repo/firmware/test2/CMSIS/device" -I"C:/Poorna/OneDrive - University of Victoria/University/Clubs/AUVic/mono_repo/firmware/test2/CMSIS/core" -O0 -g3 -Wall -fmessage-length=0 -ffunction-sections -c -MMD -MP -MF"StdPeriph_Driver/src/stm32f4xx_hash_sha1.d" -MT"StdPeriph_Driver/src/stm32f4xx_hash_sha1.o" -o "StdPeriph_Driver/src/stm32f4xx_hash_sha1.o" "../StdPeriph_Driver/src/stm32f4xx_hash_sha1.c"
Invoking: MCU GCC Compiler
Invoking: MCU GCC Compiler
C:\Poorna\OneDrive - University of Victoria\University\Clubs\AUVic\mono_repo\firmware\test2\Debug
C:\Poorna\OneDrive - University of Victoria\University\Clubs\AUVic\mono_repo\firmware\test2\Debug
arm-none-eabi-gcc -mcpu=cortex-m4 -mthumb -mfloat-abi=hard -mfpu=fpv4-sp-d16 -DSTM32 -DSTM32F4 -DSTM32F411VETx -DSTM32F411E_DISCO -DDEBUG -DSTM32F411xE -DUSE_STDPERIPH_DRIVER -I"C:/Poorna/OneDrive - University of Victoria/University/Clubs/AUVic/mono_repo/firmware/test2/StdPeriph_Driver/inc" -I"C:/Poorna/OneDrive - University of Victoria/University/Clubs/AUVic/mono_repo/firmware/test2/inc" -I"C:/Poorna/OneDrive - University of Victoria/University/Clubs/AUVic/mono_repo/firmware/test2/CMSIS/device" -I"C:/Poorna/OneDrive - University of Victoria/University/Clubs/AUVic/mono_repo/firmware/test2/CMSIS/core" -O0 -g3 -Wall -fmessage-length=0 -ffunction-sections -c -MMD -MP -MF"StdPeriph_Driver/src/stm32f4xx_i2c.d" -MT"StdPeriph_Driver/src/stm32f4xx_i2c.o" -o "StdPeriph_Driver/src/stm32f4xx_i2c.o" "../StdPeriph_Driver/src/stm32f4xx_i2c.c"
arm-none-eabi-gcc -mcpu=cortex-m4 -mthumb -mfloat-abi=hard -mfpu=fpv4-sp-d16 -DSTM32 -DSTM32F4 -DSTM32F411VETx -DSTM32F411E_DISCO -DDEBUG -DSTM32F411xE -DUSE_STDPERIPH_DRIVER -I"C:/Poorna/OneDrive - University of Victoria/University/Clubs/AUVic/mono_repo/firmware/test2/StdPeriph_Driver/inc" -I"C:/Poorna/OneDrive - University of Victoria/University/Clubs/AUVic/mono_repo/firmware/test2/inc" -I"C:/Poorna/OneDrive - University of Victoria/University/Clubs/AUVic/mono_repo/firmware/test2/CMSIS/device" -I"C:/Poorna/OneDrive - University of Victoria/University/Clubs/AUVic/mono_repo/firmware/test2/CMSIS/core" -O0 -g3 -Wall -fmessage-length=0 -ffunction-sections -c -MMD -MP -MF"StdPeriph_Driver/src/stm32f4xx_iwdg.d" -MT"StdPeriph_Driver/src/stm32f4xx_iwdg.o" -o "StdPeriph_Driver/src/stm32f4xx_iwdg.o" "../StdPeriph_Driver/src/stm32f4xx_iwdg.c"
Finished building: ../StdPeriph_Driver/src/stm32f4xx_hash_md5.c
Finished building: ../StdPeriph_Driver/src/stm32f4xx_hash_sha1.c
 
 
Finished building: ../StdPeriph_Driver/src/stm32f4xx_iwdg.c
 
Building file: ../StdPeriph_Driver/src/stm32f4xx_lptim.c
Building file: ../StdPeriph_Driver/src/stm32f4xx_ltdc.c
Building file: ../StdPeriph_Driver/src/stm32f4xx_pwr.c
Invoking: MCU GCC Compiler
Invoking: MCU GCC Compiler
Invoking: MCU GCC Compiler
Finished building: ../StdPeriph_Driver/src/stm32f4xx_i2c.c
C:\Poorna\OneDrive - University of Victoria\University\Clubs\AUVic\mono_repo\firmware\test2\Debug
C:\Poorna\OneDrive - University of Victoria\University\Clubs\AUVic\mono_repo\firmware\test2\Debug
arm-none-eabi-gcc -mcpu=cortex-m4 -mthumb -mfloat-abi=hard -mfpu=fpv4-sp-d16 -DSTM32 -DSTM32F4 -DSTM32F411VETx -DSTM32F411E_DISCO -DDEBUG -DSTM32F411xE -DUSE_STDPERIPH_DRIVER -I"C:/Poorna/OneDrive - University of Victoria/University/Clubs/AUVic/mono_repo/firmware/test2/StdPeriph_Driver/inc" -I"C:/Poorna/OneDrive - University of Victoria/University/Clubs/AUVic/mono_repo/firmware/test2/inc" -I"C:/Poorna/OneDrive - University of Victoria/University/Clubs/AUVic/mono_repo/firmware/test2/CMSIS/device" -I"C:/Poorna/OneDrive - University of Victoria/University/Clubs/AUVic/mono_repo/firmware/test2/CMSIS/core" -O0 -g3 -Wall -fmessage-length=0 -ffunction-sections -c -MMD -MP -MF"StdPeriph_Driver/src/stm32f4xx_lptim.d" -MT"StdPeriph_Driver/src/stm32f4xx_lptim.o" -o "StdPeriph_Driver/src/stm32f4xx_lptim.o" "../StdPeriph_Driver/src/stm32f4xx_lptim.c"
C:\Poorna\OneDrive - University of Victoria\University\Clubs\AUVic\mono_repo\firmware\test2\Debug
 
arm-none-eabi-gcc -mcpu=cortex-m4 -mthumb -mfloat-abi=hard -mfpu=fpv4-sp-d16 -DSTM32 -DSTM32F4 -DSTM32F411VETx -DSTM32F411E_DISCO -DDEBUG -DSTM32F411xE -DUSE_STDPERIPH_DRIVER -I"C:/Poorna/OneDrive - University of Victoria/University/Clubs/AUVic/mono_repo/firmware/test2/StdPeriph_Driver/inc" -I"C:/Poorna/OneDrive - University of Victoria/University/Clubs/AUVic/mono_repo/firmware/test2/inc" -I"C:/Poorna/OneDrive - University of Victoria/University/Clubs/AUVic/mono_repo/firmware/test2/CMSIS/device" -I"C:/Poorna/OneDrive - University of Victoria/University/Clubs/AUVic/mono_repo/firmware/test2/CMSIS/core" -O0 -g3 -Wall -fmessage-length=0 -ffunction-sections -c -MMD -MP -MF"StdPeriph_Driver/src/stm32f4xx_pwr.d" -MT"StdPeriph_Driver/src/stm32f4xx_pwr.o" -o "StdPeriph_Driver/src/stm32f4xx_pwr.o" "../StdPeriph_Driver/src/stm32f4xx_pwr.c"
arm-none-eabi-gcc -mcpu=cortex-m4 -mthumb -mfloat-abi=hard -mfpu=fpv4-sp-d16 -DSTM32 -DSTM32F4 -DSTM32F411VETx -DSTM32F411E_DISCO -DDEBUG -DSTM32F411xE -DUSE_STDPERIPH_DRIVER -I"C:/Poorna/OneDrive - University of Victoria/University/Clubs/AUVic/mono_repo/firmware/test2/StdPeriph_Driver/inc" -I"C:/Poorna/OneDrive - University of Victoria/University/Clubs/AUVic/mono_repo/firmware/test2/inc" -I"C:/Poorna/OneDrive - University of Victoria/University/Clubs/AUVic/mono_repo/firmware/test2/CMSIS/device" -I"C:/Poorna/OneDrive - University of Victoria/University/Clubs/AUVic/mono_repo/firmware/test2/CMSIS/core" -O0 -g3 -Wall -fmessage-length=0 -ffunction-sections -c -MMD -MP -MF"StdPeriph_Driver/src/stm32f4xx_ltdc.d" -MT"StdPeriph_Driver/src/stm32f4xx_ltdc.o" -o "StdPeriph_Driver/src/stm32f4xx_ltdc.o" "../StdPeriph_Driver/src/stm32f4xx_ltdc.c"
Building file: ../StdPeriph_Driver/src/stm32f4xx_qspi.c
Invoking: MCU GCC Compiler
C:\Poorna\OneDrive - University of Victoria\University\Clubs\AUVic\mono_repo\firmware\test2\Debug
arm-none-eabi-gcc -mcpu=cortex-m4 -mthumb -mfloat-abi=hard -mfpu=fpv4-sp-d16 -DSTM32 -DSTM32F4 -DSTM32F411VETx -DSTM32F411E_DISCO -DDEBUG -DSTM32F411xE -DUSE_STDPERIPH_DRIVER -I"C:/Poorna/OneDrive - University of Victoria/University/Clubs/AUVic/mono_repo/firmware/test2/StdPeriph_Driver/inc" -I"C:/Poorna/OneDrive - University of Victoria/University/Clubs/AUVic/mono_repo/firmware/test2/inc" -I"C:/Poorna/OneDrive - University of Victoria/University/Clubs/AUVic/mono_repo/firmware/test2/CMSIS/device" -I"C:/Poorna/OneDrive - University of Victoria/University/Clubs/AUVic/mono_repo/firmware/test2/CMSIS/core" -O0 -g3 -Wall -fmessage-length=0 -ffunction-sections -c -MMD -MP -MF"StdPeriph_Driver/src/stm32f4xx_qspi.d" -MT"StdPeriph_Driver/src/stm32f4xx_qspi.o" -o "StdPeriph_Driver/src/stm32f4xx_qspi.o" "../StdPeriph_Driver/src/stm32f4xx_qspi.c"
Finished building: ../StdPeriph_Driver/src/stm32f4xx_lptim.c
 
Building file: ../StdPeriph_Driver/src/stm32f4xx_rcc.c
Finished building: ../StdPeriph_Driver/src/stm32f4xx_pwr.c
Invoking: MCU GCC Compiler
 
Building file: ../StdPeriph_Driver/src/stm32f4xx_rng.c
C:\Poorna\OneDrive - University of Victoria\University\Clubs\AUVic\mono_repo\firmware\test2\Debug
arm-none-eabi-gcc -mcpu=cortex-m4 -mthumb -mfloat-abi=hard -mfpu=fpv4-sp-d16 -DSTM32 -DSTM32F4 -DSTM32F411VETx -DSTM32F411E_DISCO -DDEBUG -DSTM32F411xE -DUSE_STDPERIPH_DRIVER -I"C:/Poorna/OneDrive - University of Victoria/University/Clubs/AUVic/mono_repo/firmware/test2/StdPeriph_Driver/inc" -I"C:/Poorna/OneDrive - University of Victoria/University/Clubs/AUVic/mono_repo/firmware/test2/inc" -I"C:/Poorna/OneDrive - University of Victoria/University/Clubs/AUVic/mono_repo/firmware/test2/CMSIS/device" -I"C:/Poorna/OneDrive - University of Victoria/University/Clubs/AUVic/mono_repo/firmware/test2/CMSIS/core" -O0 -g3 -Wall -fmessage-length=0 -ffunction-sections -c -MMD -MP -MF"StdPeriph_Driver/src/stm32f4xx_rcc.d" -MT"StdPeriph_Driver/src/stm32f4xx_rcc.o" -o "StdPeriph_Driver/src/stm32f4xx_rcc.o" "../StdPeriph_Driver/src/stm32f4xx_rcc.c"
Invoking: MCU GCC Compiler
Finished building: ../StdPeriph_Driver/src/stm32f4xx_ltdc.c
C:\Poorna\OneDrive - University of Victoria\University\Clubs\AUVic\mono_repo\firmware\test2\Debug
arm-none-eabi-gcc -mcpu=cortex-m4 -mthumb -mfloat-abi=hard -mfpu=fpv4-sp-d16 -DSTM32 -DSTM32F4 -DSTM32F411VETx -DSTM32F411E_DISCO -DDEBUG -DSTM32F411xE -DUSE_STDPERIPH_DRIVER -I"C:/Poorna/OneDrive - University of Victoria/University/Clubs/AUVic/mono_repo/firmware/test2/StdPeriph_Driver/inc" -I"C:/Poorna/OneDrive - University of Victoria/University/Clubs/AUVic/mono_repo/firmware/test2/inc" -I"C:/Poorna/OneDrive - University of Victoria/University/Clubs/AUVic/mono_repo/firmware/test2/CMSIS/device" -I"C:/Poorna/OneDrive - University of Victoria/University/Clubs/AUVic/mono_repo/firmware/test2/CMSIS/core" -O0 -g3 -Wall -fmessage-length=0 -ffunction-sections -c -MMD -MP -MF"StdPeriph_Driver/src/stm32f4xx_rng.d" -MT"StdPeriph_Driver/src/stm32f4xx_rng.o" -o "StdPeriph_Driver/src/stm32f4xx_rng.o" "../StdPeriph_Driver/src/stm32f4xx_rng.c"
 
Finished building: ../StdPeriph_Driver/src/stm32f4xx_qspi.c
Building file: ../StdPeriph_Driver/src/stm32f4xx_rtc.c
 
Invoking: MCU GCC Compiler
C:\Poorna\OneDrive - University of Victoria\University\Clubs\AUVic\mono_repo\firmware\test2\Debug
Building file: ../StdPeriph_Driver/src/stm32f4xx_sai.c
arm-none-eabi-gcc -mcpu=cortex-m4 -mthumb -mfloat-abi=hard -mfpu=fpv4-sp-d16 -DSTM32 -DSTM32F4 -DSTM32F411VETx -DSTM32F411E_DISCO -DDEBUG -DSTM32F411xE -DUSE_STDPERIPH_DRIVER -I"C:/Poorna/OneDrive - University of Victoria/University/Clubs/AUVic/mono_repo/firmware/test2/StdPeriph_Driver/inc" -I"C:/Poorna/OneDrive - University of Victoria/University/Clubs/AUVic/mono_repo/firmware/test2/inc" -I"C:/Poorna/OneDrive - University of Victoria/University/Clubs/AUVic/mono_repo/firmware/test2/CMSIS/device" -I"C:/Poorna/OneDrive - University of Victoria/University/Clubs/AUVic/mono_repo/firmware/test2/CMSIS/core" -O0 -g3 -Wall -fmessage-length=0 -ffunction-sections -c -MMD -MP -MF"StdPeriph_Driver/src/stm32f4xx_rtc.d" -MT"StdPeriph_Driver/src/stm32f4xx_rtc.o" -o "StdPeriph_Driver/src/stm32f4xx_rtc.o" "../StdPeriph_Driver/src/stm32f4xx_rtc.c"
Invoking: MCU GCC Compiler
C:\Poorna\OneDrive - University of Victoria\University\Clubs\AUVic\mono_repo\firmware\test2\Debug
arm-none-eabi-gcc -mcpu=cortex-m4 -mthumb -mfloat-abi=hard -mfpu=fpv4-sp-d16 -DSTM32 -DSTM32F4 -DSTM32F411VETx -DSTM32F411E_DISCO -DDEBUG -DSTM32F411xE -DUSE_STDPERIPH_DRIVER -I"C:/Poorna/OneDrive - University of Victoria/University/Clubs/AUVic/mono_repo/firmware/test2/StdPeriph_Driver/inc" -I"C:/Poorna/OneDrive - University of Victoria/University/Clubs/AUVic/mono_repo/firmware/test2/inc" -I"C:/Poorna/OneDrive - University of Victoria/University/Clubs/AUVic/mono_repo/firmware/test2/CMSIS/device" -I"C:/Poorna/OneDrive - University of Victoria/University/Clubs/AUVic/mono_repo/firmware/test2/CMSIS/core" -O0 -g3 -Wall -fmessage-length=0 -ffunction-sections -c -MMD -MP -MF"StdPeriph_Driver/src/stm32f4xx_sai.d" -MT"StdPeriph_Driver/src/stm32f4xx_sai.o" -o "StdPeriph_Driver/src/stm32f4xx_sai.o" "../StdPeriph_Driver/src/stm32f4xx_sai.c"
Finished building: ../StdPeriph_Driver/src/stm32f4xx_rng.c
Finished building: ../StdPeriph_Driver/src/stm32f4xx_rcc.c
 
 
Building file: ../StdPeriph_Driver/src/stm32f4xx_sdio.c
Building file: ../StdPeriph_Driver/src/stm32f4xx_spdifrx.c
Invoking: MCU GCC Compiler
Invoking: MCU GCC Compiler
C:\Poorna\OneDrive - University of Victoria\University\Clubs\AUVic\mono_repo\firmware\test2\Debug
C:\Poorna\OneDrive - University of Victoria\University\Clubs\AUVic\mono_repo\firmware\test2\Debug
arm-none-eabi-gcc -mcpu=cortex-m4 -mthumb -mfloat-abi=hard -mfpu=fpv4-sp-d16 -DSTM32 -DSTM32F4 -DSTM32F411VETx -DSTM32F411E_DISCO -DDEBUG -DSTM32F411xE -DUSE_STDPERIPH_DRIVER -I"C:/Poorna/OneDrive - University of Victoria/University/Clubs/AUVic/mono_repo/firmware/test2/StdPeriph_Driver/inc" -I"C:/Poorna/OneDrive - University of Victoria/University/Clubs/AUVic/mono_repo/firmware/test2/inc" -I"C:/Poorna/OneDrive - University of Victoria/University/Clubs/AUVic/mono_repo/firmware/test2/CMSIS/device" -I"C:/Poorna/OneDrive - University of Victoria/University/Clubs/AUVic/mono_repo/firmware/test2/CMSIS/core" -O0 -g3 -Wall -fmessage-length=0 -ffunction-sections -c -MMD -MP -MF"StdPeriph_Driver/src/stm32f4xx_sdio.d" -MT"StdPeriph_Driver/src/stm32f4xx_sdio.o" -o "StdPeriph_Driver/src/stm32f4xx_sdio.o" "../StdPeriph_Driver/src/stm32f4xx_sdio.c"
arm-none-eabi-gcc -mcpu=cortex-m4 -mthumb -mfloat-abi=hard -mfpu=fpv4-sp-d16 -DSTM32 -DSTM32F4 -DSTM32F411VETx -DSTM32F411E_DISCO -DDEBUG -DSTM32F411xE -DUSE_STDPERIPH_DRIVER -I"C:/Poorna/OneDrive - University of Victoria/University/Clubs/AUVic/mono_repo/firmware/test2/StdPeriph_Driver/inc" -I"C:/Poorna/OneDrive - University of Victoria/University/Clubs/AUVic/mono_repo/firmware/test2/inc" -I"C:/Poorna/OneDrive - University of Victoria/University/Clubs/AUVic/mono_repo/firmware/test2/CMSIS/device" -I"C:/Poorna/OneDrive - University of Victoria/University/Clubs/AUVic/mono_repo/firmware/test2/CMSIS/core" -O0 -g3 -Wall -fmessage-length=0 -ffunction-sections -c -MMD -MP -MF"StdPeriph_Driver/src/stm32f4xx_spdifrx.d" -MT"StdPeriph_Driver/src/stm32f4xx_spdifrx.o" -o "StdPeriph_Driver/src/stm32f4xx_spdifrx.o" "../StdPeriph_Driver/src/stm32f4xx_spdifrx.c"
Finished building: ../StdPeriph_Driver/src/stm32f4xx_rtc.c
 
Finished building: ../StdPeriph_Driver/src/stm32f4xx_sai.c
 
Building file: ../StdPeriph_Driver/src/stm32f4xx_spi.c
Invoking: MCU GCC Compiler
Building file: ../StdPeriph_Driver/src/stm32f4xx_syscfg.c
C:\Poorna\OneDrive - University of Victoria\University\Clubs\AUVic\mono_repo\firmware\test2\Debug
Invoking: MCU GCC Compiler
arm-none-eabi-gcc -mcpu=cortex-m4 -mthumb -mfloat-abi=hard -mfpu=fpv4-sp-d16 -DSTM32 -DSTM32F4 -DSTM32F411VETx -DSTM32F411E_DISCO -DDEBUG -DSTM32F411xE -DUSE_STDPERIPH_DRIVER -I"C:/Poorna/OneDrive - University of Victoria/University/Clubs/AUVic/mono_repo/firmware/test2/StdPeriph_Driver/inc" -I"C:/Poorna/OneDrive - University of Victoria/University/Clubs/AUVic/mono_repo/firmware/test2/inc" -I"C:/Poorna/OneDrive - University of Victoria/University/Clubs/AUVic/mono_repo/firmware/test2/CMSIS/device" -I"C:/Poorna/OneDrive - University of Victoria/University/Clubs/AUVic/mono_repo/firmware/test2/CMSIS/core" -O0 -g3 -Wall -fmessage-length=0 -ffunction-sections -c -MMD -MP -MF"StdPeriph_Driver/src/stm32f4xx_spi.d" -MT"StdPeriph_Driver/src/stm32f4xx_spi.o" -o "StdPeriph_Driver/src/stm32f4xx_spi.o" "../StdPeriph_Driver/src/stm32f4xx_spi.c"
C:\Poorna\OneDrive - University of Victoria\University\Clubs\AUVic\mono_repo\firmware\test2\Debug
arm-none-eabi-gcc -mcpu=cortex-m4 -mthumb -mfloat-abi=hard -mfpu=fpv4-sp-d16 -DSTM32 -DSTM32F4 -DSTM32F411VETx -DSTM32F411E_DISCO -DDEBUG -DSTM32F411xE -DUSE_STDPERIPH_DRIVER -I"C:/Poorna/OneDrive - University of Victoria/University/Clubs/AUVic/mono_repo/firmware/test2/StdPeriph_Driver/inc" -I"C:/Poorna/OneDrive - University of Victoria/University/Clubs/AUVic/mono_repo/firmware/test2/inc" -I"C:/Poorna/OneDrive - University of Victoria/University/Clubs/AUVic/mono_repo/firmware/test2/CMSIS/device" -I"C:/Poorna/OneDrive - University of Victoria/University/Clubs/AUVic/mono_repo/firmware/test2/CMSIS/core" -O0 -g3 -Wall -fmessage-length=0 -ffunction-sections -c -MMD -MP -MF"StdPeriph_Driver/src/stm32f4xx_syscfg.d" -MT"StdPeriph_Driver/src/stm32f4xx_syscfg.o" -o "StdPeriph_Driver/src/stm32f4xx_syscfg.o" "../StdPeriph_Driver/src/stm32f4xx_syscfg.c"
Finished building: ../StdPeriph_Driver/src/stm32f4xx_spdifrx.c
Finished building: ../StdPeriph_Driver/src/stm32f4xx_sdio.c
 
 
Building file: ../StdPeriph_Driver/src/stm32f4xx_tim.c
Building file: ../StdPeriph_Driver/src/stm32f4xx_usart.c
Invoking: MCU GCC Compiler
Invoking: MCU GCC Compiler
C:\Poorna\OneDrive - University of Victoria\University\Clubs\AUVic\mono_repo\firmware\test2\Debug
C:\Poorna\OneDrive - University of Victoria\University\Clubs\AUVic\mono_repo\firmware\test2\Debug
arm-none-eabi-gcc -mcpu=cortex-m4 -mthumb -mfloat-abi=hard -mfpu=fpv4-sp-d16 -DSTM32 -DSTM32F4 -DSTM32F411VETx -DSTM32F411E_DISCO -DDEBUG -DSTM32F411xE -DUSE_STDPERIPH_DRIVER -I"C:/Poorna/OneDrive - University of Victoria/University/Clubs/AUVic/mono_repo/firmware/test2/StdPeriph_Driver/inc" -I"C:/Poorna/OneDrive - University of Victoria/University/Clubs/AUVic/mono_repo/firmware/test2/inc" -I"C:/Poorna/OneDrive - University of Victoria/University/Clubs/AUVic/mono_repo/firmware/test2/CMSIS/device" -I"C:/Poorna/OneDrive - University of Victoria/University/Clubs/AUVic/mono_repo/firmware/test2/CMSIS/core" -O0 -g3 -Wall -fmessage-length=0 -ffunction-sections -c -MMD -MP -MF"StdPeriph_Driver/src/stm32f4xx_usart.d" -MT"StdPeriph_Driver/src/stm32f4xx_usart.o" -o "StdPeriph_Driver/src/stm32f4xx_usart.o" "../StdPeriph_Driver/src/stm32f4xx_usart.c"
arm-none-eabi-gcc -mcpu=cortex-m4 -mthumb -mfloat-abi=hard -mfpu=fpv4-sp-d16 -DSTM32 -DSTM32F4 -DSTM32F411VETx -DSTM32F411E_DISCO -DDEBUG -DSTM32F411xE -DUSE_STDPERIPH_DRIVER -I"C:/Poorna/OneDrive - University of Victoria/University/Clubs/AUVic/mono_repo/firmware/test2/StdPeriph_Driver/inc" -I"C:/Poorna/OneDrive - University of Victoria/University/Clubs/AUVic/mono_repo/firmware/test2/inc" -I"C:/Poorna/OneDrive - University of Victoria/University/Clubs/AUVic/mono_repo/firmware/test2/CMSIS/device" -I"C:/Poorna/OneDrive - University of Victoria/University/Clubs/AUVic/mono_repo/firmware/test2/CMSIS/core" -O0 -g3 -Wall -fmessage-length=0 -ffunction-sections -c -MMD -MP -MF"StdPeriph_Driver/src/stm32f4xx_tim.d" -MT"StdPeriph_Driver/src/stm32f4xx_tim.o" -o "StdPeriph_Driver/src/stm32f4xx_tim.o" "../StdPeriph_Driver/src/stm32f4xx_tim.c"
Finished building: ../StdPeriph_Driver/src/stm32f4xx_syscfg.c
 
Finished building: ../StdPeriph_Driver/src/stm32f4xx_spi.c
Building file: ../StdPeriph_Driver/src/stm32f4xx_wwdg.c
 
Invoking: MCU GCC Compiler
C:\Poorna\OneDrive - University of Victoria\University\Clubs\AUVic\mono_repo\firmware\test2\Debug
arm-none-eabi-gcc -mcpu=cortex-m4 -mthumb -mfloat-abi=hard -mfpu=fpv4-sp-d16 -DSTM32 -DSTM32F4 -DSTM32F411VETx -DSTM32F411E_DISCO -DDEBUG -DSTM32F411xE -DUSE_STDPERIPH_DRIVER -I"C:/Poorna/OneDrive - University of Victoria/University/Clubs/AUVic/mono_repo/firmware/test2/StdPeriph_Driver/inc" -I"C:/Poorna/OneDrive - University of Victoria/University/Clubs/AUVic/mono_repo/firmware/test2/inc" -I"C:/Poorna/OneDrive - University of Victoria/University/Clubs/AUVic/mono_repo/firmware/test2/CMSIS/device" -I"C:/Poorna/OneDrive - University of Victoria/University/Clubs/AUVic/mono_repo/firmware/test2/CMSIS/core" -O0 -g3 -Wall -fmessage-length=0 -ffunction-sections -c -MMD -MP -MF"StdPeriph_Driver/src/stm32f4xx_wwdg.d" -MT"StdPeriph_Driver/src/stm32f4xx_wwdg.o" -o "StdPeriph_Driver/src/stm32f4xx_wwdg.o" "../StdPeriph_Driver/src/stm32f4xx_wwdg.c"
Finished building: ../StdPeriph_Driver/src/stm32f4xx_usart.c
 
Finished building: ../StdPeriph_Driver/src/stm32f4xx_tim.c
 
Finished building: ../StdPeriph_Driver/src/stm32f4xx_wwdg.c
 
Building target: test2.elf
Invoking: MCU GCC Linker
arm-none-eabi-gcc -mcpu=cortex-m4 -mthumb -mfloat-abi=hard -mfpu=fpv4-sp-d16 -T"C:/Poorna/OneDrive - University of Victoria/University/Clubs/AUVic/mono_repo/firmware/test2/LinkerScript.ld" -Wl,-Map=output.map -Wl,--gc-sections -o "test2.elf" @"objects.list"   -lm
Finished building target: test2.elf
 
make --no-print-directory post-build
Generating binary and Printing size information:
arm-none-eabi-objcopy -O binary "test2.elf" "test2.bin"
arm-none-eabi-size "test2.elf"
   text	   data	    bss	    dec	    hex	filename
   1216	   1080	   1092	   3388	    d3c	test2.elf
 
